Configuration 'jsNpmAggregated' was resolved during configuration time.
This is a build performance and scalability issue.
See https://github.com/gradle/gradle/issues/2298
Run with --info for a stacktrace.
Configuration 'jsTestNpmAggregated' was resolved during configuration time.
This is a build performance and scalability issue.
See https://github.com/gradle/gradle/issues/2298
Run with --info for a stacktrace.
Configuration 'jsNpmAggregated' was resolved during configuration time.
This is a build performance and scalability issue.
See https://github.com/gradle/gradle/issues/2298
Run with --info for a stacktrace.
Configuration 'jsTestNpmAggregated' was resolved during configuration time.
This is a build performance and scalability issue.
See https://github.com/gradle/gradle/issues/2298
Run with --info for a stacktrace.
Configuration 'wasmJsNpmAggregated' was resolved during configuration time.
This is a build performance and scalability issue.
See https://github.com/gradle/gradle/issues/2298
Run with --info for a stacktrace.
Configuration 'wasmJsTestNpmAggregated' was resolved during configuration time.
This is a build performance and scalability issue.
See https://github.com/gradle/gradle/issues/2298
Run with --info for a stacktrace.
Configuration 'wasmJsNpmAggregated' was resolved during configuration time.
This is a build performance and scalability issue.
See https://github.com/gradle/gradle/issues/2298
Run with --info for a stacktrace.
Configuration 'wasmJsTestNpmAggregated' was resolved during configuration time.
This is a build performance and scalability issue.
See https://github.com/gradle/gradle/issues/2298
Run with --info for a stacktrace.
> Task :kotlinKotlinNpmCachesSetup
> Task :kotlinNodeJsSetup UP-TO-DATE
> Task :kotlinRestoreYarnLock UP-TO-DATE
> Task :kotlinYarnSetup UP-TO-DATE
> Task :shared:jsPackageJson UP-TO-DATE
> Task :composeApp:jsPackageJson UP-TO-DATE
> Task :composeApp:jsTestPackageJson UP-TO-DATE
> Task :shared:jsTestPackageJson UP-TO-DATE
> Task :composeApp:jsPublicPackageJson UP-TO-DATE
> Task :composeApp:jsTestPublicPackageJson UP-TO-DATE
> Task :shared:jsPublicPackageJson UP-TO-DATE
> Task :shared:jsTestPublicPackageJson UP-TO-DATE
> Task :kotlinPackageJsonUmbrella UP-TO-DATE
> Task :rootPackageJson UP-TO-DATE
> Task :kotlinNpmInstall UP-TO-DATE
> Task :kotlinWasmNodeJsSetup UP-TO-DATE
> Task :kotlinWasmYarnSetup UP-TO-DATE
> Task :kotlinWasmToolingSetup UP-TO-DATE
> Task :kotlinStoreYarnLock UP-TO-DATE
> Task :shared:kmpPartiallyResolvedDependenciesChecker
> Task :shared:checkKotlinGradlePluginConfigurationErrors SKIPPED
> Task :shared:generateCoursePackSource UP-TO-DATE
> Task :shared:jsProcessResources NO-SOURCE
> Task :shared:jsTestProcessResources NO-SOURCE
> Task :shared:kotlinNodeJsSetup UP-TO-DATE
> Task :kotlinWasmKotlinNpmCachesSetup
> Task :kotlinWasmRestoreYarnLock UP-TO-DATE
> Task :shared:wasmJsPackageJson UP-TO-DATE
> Task :composeApp:wasmJsPackageJson UP-TO-DATE
> Task :composeApp:wasmJsTestPackageJson UP-TO-DATE
> Task :shared:wasmJsTestPackageJson UP-TO-DATE
> Task :composeApp:wasmJsPublicPackageJson UP-TO-DATE
> Task :composeApp:wasmJsTestPublicPackageJson UP-TO-DATE
> Task :shared:wasmJsPublicPackageJson UP-TO-DATE
> Task :shared:wasmJsTestPublicPackageJson UP-TO-DATE
> Task :kotlinWasmPackageJsonUmbrella UP-TO-DATE
> Task :wasmRootPackageJson UP-TO-DATE
> Task :kotlinWasmNpmInstall UP-TO-DATE
> Task :kotlinWasmStoreYarnLock UP-TO-DATE
> Task :shared:wasmJsProcessResources NO-SOURCE
> Task :shared:kotlinWasmNodeJsSetup UP-TO-DATE
> Task :shared:wasmJsTestProcessResources NO-SOURCE
> Task :shared:compileKotlinDesktop UP-TO-DATE
> Task :shared:compileDesktopMainJava NO-SOURCE
> Task :shared:desktopProcessResources NO-SOURCE
> Task :shared:processDesktopMainResources SKIPPED
> Task :shared:desktopMainClasses UP-TO-DATE
> Task :shared:desktopJar UP-TO-DATE
> Task :shared:compileTestKotlinDesktop UP-TO-DATE
> Task :shared:compileDesktopTestJava NO-SOURCE
> Task :shared:desktopTestProcessResources NO-SOURCE
> Task :shared:processDesktopTestResources SKIPPED
> Task :shared:desktopTestClasses UP-TO-DATE
> Task :shared:desktopTest UP-TO-DATE
> Task :shared:downloadKotlinNativeDistribution UP-TO-DATE
> Task :shared:compileKotlinWasmJs
> Task :shared:compileKotlinJs

> Task :shared:compileKotlinIosSimulatorArm64
w: file:///Users/german/Work/JS/polski-grammar-srs/kotlin/shared/src/iosMain/kotlin/polski/grammar/AnswerNormalizerIos.kt:11:57 This cast can never succeed.
w: file:///Users/german/Work/JS/polski-grammar-srs/kotlin/shared/src/iosMain/kotlin/polski/grammar/AnswerNormalizerIos.kt:12:60 This cast can never succeed.
w: file:///Users/german/Work/JS/polski-grammar-srs/kotlin/shared/src/iosMain/kotlin/polski/grammar/AnswerNormalizerIos.kt:13:60 This cast can never succeed.

> Task :shared:jsMainClasses
> Task :shared:wasmJsMainClasses
> Task :shared:iosSimulatorArm64ProcessResources NO-SOURCE
> Task :shared:iosSimulatorArm64MainKlibrary
> Task :shared:compileTestKotlinWasmJs
> Task :shared:compileTestKotlinJs
> Task :shared:compileTestKotlinIosSimulatorArm64
> Task :shared:jsTestClasses
> Task :shared:wasmJsTestClasses
> Task :shared:validateLocalSwiftPMDependencies
> Task :shared:computeLocalPackageDependencyInputFiles UP-TO-DATE
> Task :shared:fingerprintSyntheticPackage UP-TO-DATE
> Task :shared:generateSyntheticLinkageSwiftPMImportProjectForCinteropsAndLdDump SKIPPED
> Task :shared:serializeSwiftPMDependenciesMetadataForLockFiles UP-TO-DATE
> Task :shared:generateUmbrellaPackageIdentifierBasedResolutionForDefault SKIPPED
> Task :shared:fetchUmbrellaPackageIdentifierForDefault SKIPPED
> Task :shared:syncPersistedPackageResolvedToSynthetic SKIPPED
> Task :shared:fetchSyntheticImportProjectPackages SKIPPED
> Task :shared:fingerprintXcodebuildIphonesimulator UP-TO-DATE
> Task :shared:dumpXcodebuildArgsIphonesimulator SKIPPED
> Task :shared:convertSyntheticImportProjectIntoDefFileIphonesimulator UP-TO-DATE
> Task :shared:compileTestDevelopmentExecutableKotlinJs
> Task :shared:compileTestDevelopmentExecutableKotlinWasmJs
> Task :shared:linkDebugTestIosSimulatorArm64
> Task :shared:jsTestTestDevelopmentExecutableCompileSync

> Task :shared:jsBrowserTest
> Task :shared:wasmJsTestTestDevelopmentExecutableCompileSync

> Task :shared:wasmJsBrowserTest
> Task :shared:iosSimulatorArm64Test
> Task :androidApp:preBuild UP-TO-DATE
> Task :androidApp:preDebugBuild UP-TO-DATE
> Task :androidApp:generateDebugResources UP-TO-DATE
> Task :androidApp:packageDebugResources UP-TO-DATE
> Task :composeApp:androidPreBuild UP-TO-DATE
> Task :composeApp:preAndroidMainBuild UP-TO-DATE
> Task :composeApp:generateAndroidMainEmptyResourceFiles UP-TO-DATE
> Task :shared:androidPreBuild UP-TO-DATE
> Task :shared:preAndroidMainBuild UP-TO-DATE
> Task :shared:generateAndroidMainEmptyResourceFiles UP-TO-DATE
> Task :androidApp:processDebugNavigationResources UP-TO-DATE
> Task :androidApp:parseDebugLocalResources UP-TO-DATE
> Task :androidApp:generateDebugRFile UP-TO-DATE
> Task :composeApp:kmpPartiallyResolvedDependenciesChecker
> Task :composeApp:checkKotlinGradlePluginConfigurationErrors SKIPPED
> Task :composeApp:convertXmlValueResourcesForAndroidMain NO-SOURCE
> Task :composeApp:copyNonXmlValueResourcesForAndroidMain NO-SOURCE
> Task :composeApp:prepareComposeResourcesTaskForAndroidMain NO-SOURCE
> Task :composeApp:generateResourceAccessorsForAndroidMain SKIPPED
> Task :composeApp:convertXmlValueResourcesForCommonMain NO-SOURCE
> Task :composeApp:copyNonXmlValueResourcesForCommonMain NO-SOURCE
> Task :composeApp:prepareComposeResourcesTaskForCommonMain NO-SOURCE
> Task :composeApp:generateResourceAccessorsForCommonMain SKIPPED
> Task :composeApp:generateActualResourceCollectorsForAndroidMain SKIPPED
> Task :composeApp:generateComposeResClass SKIPPED
> Task :composeApp:generateExpectResourceCollectorsForCommonMain SKIPPED
> Task :androidApp:javaPreCompileDebug UP-TO-DATE
> Task :composeApp:writeAndroidMainAarMetadata UP-TO-DATE
> Task :shared:writeAndroidMainAarMetadata UP-TO-DATE
> Task :androidApp:checkDebugAarMetadata UP-TO-DATE
> Task :androidApp:mapDebugSourceSetPaths UP-TO-DATE
> Task :androidApp:compileDebugNavigationResources UP-TO-DATE
> Task :androidApp:mergeDebugResources UP-TO-DATE
> Task :androidApp:createDebugCompatibleScreenManifests UP-TO-DATE
> Task :androidApp:extractDeepLinksDebug UP-TO-DATE
> Task :composeApp:processAndroidMainManifest UP-TO-DATE
> Task :shared:processAndroidMainManifest UP-TO-DATE
> Task :androidApp:processDebugMainManifest UP-TO-DATE
> Task :androidApp:processDebugManifest UP-TO-DATE
> Task :androidApp:processDebugManifestForPackage UP-TO-DATE
> Task :androidApp:processDebugResources UP-TO-DATE
> Task :androidApp:preDebugUnitTestBuild UP-TO-DATE
> Task :androidApp:javaPreCompileDebugUnitTest UP-TO-DATE
> Task :androidApp:mergeDebugNativeDebugMetadata NO-SOURCE
> Task :androidApp:generateDebugAssets UP-TO-DATE
> Task :androidApp:mergeDebugAssets UP-TO-DATE
> Task :androidApp:compressDebugAssets UP-TO-DATE
> Task :androidApp:desugarDebugFileDependencies UP-TO-DATE
> Task :androidApp:checkDebugDuplicateClasses UP-TO-DATE
> Task :androidApp:mergeExtDexDebug UP-TO-DATE
> Task :androidApp:mergeDebugJniLibFolders UP-TO-DATE
> Task :composeApp:mergeAndroidMainJniLibFolders UP-TO-DATE
> Task :composeApp:mergeAndroidMainNativeLibs NO-SOURCE
> Task :composeApp:copyAndroidMainJniLibsProjectOnly UP-TO-DATE
> Task :shared:mergeAndroidMainJniLibFolders UP-TO-DATE
> Task :shared:mergeAndroidMainNativeLibs NO-SOURCE
> Task :shared:copyAndroidMainJniLibsProjectOnly UP-TO-DATE
> Task :androidApp:mergeDebugNativeLibs UP-TO-DATE
> Task :androidApp:stripDebugDebugSymbols UP-TO-DATE
> Task :androidApp:validateSigningDebug UP-TO-DATE
> Task :androidApp:writeDebugAppMetadata UP-TO-DATE
> Task :androidApp:writeDebugSigningConfigVersions UP-TO-DATE
> Task :composeApp:jsResolveResourcesFromDependencies UP-TO-DATE
> Task :composeApp:convertXmlValueResourcesForJsMain NO-SOURCE
> Task :composeApp:copyNonXmlValueResourcesForJsMain NO-SOURCE
> Task :composeApp:prepareComposeResourcesTaskForJsMain NO-SOURCE
> Task :composeApp:convertXmlValueResourcesForWebMain NO-SOURCE
> Task :composeApp:copyNonXmlValueResourcesForWebMain NO-SOURCE
> Task :composeApp:prepareComposeResourcesTaskForWebMain NO-SOURCE
> Task :composeApp:assembleJsMainResources UP-TO-DATE
> Task :composeApp:jsResolveSelfResourcesCopyHierarchicalMultiplatformResources UP-TO-DATE
> Task :composeApp:jsAggregateResources UP-TO-DATE
> Task :composeApp:unpackSkikoWasmRuntime UP-TO-DATE
> Task :composeApp:jsProcessResources UP-TO-DATE
> Task :composeApp:checkJsMainComposeLibrariesCompatibility
> Task :composeApp:generateResourceAccessorsForJsMain SKIPPED
> Task :composeApp:generateResourceAccessorsForWebMain SKIPPED
> Task :composeApp:generateActualResourceCollectorsForJsMain SKIPPED
> Task :composeApp:wasmJsResolveResourcesFromDependencies UP-TO-DATE
> Task :composeApp:convertXmlValueResourcesForWasmJsMain NO-SOURCE
> Task :composeApp:copyNonXmlValueResourcesForWasmJsMain NO-SOURCE
> Task :composeApp:prepareComposeResourcesTaskForWasmJsMain NO-SOURCE
> Task :composeApp:assembleWasmJsMainResources UP-TO-DATE
> Task :composeApp:wasmJsResolveSelfResourcesCopyHierarchicalMultiplatformResources UP-TO-DATE
> Task :composeApp:wasmJsAggregateResources UP-TO-DATE
> Task :composeApp:wasmJsProcessResources UP-TO-DATE
> Task :composeApp:checkWasmJsMainComposeLibrariesCompatibility
> Task :composeApp:generateResourceAccessorsForWasmJsMain SKIPPED
> Task :composeApp:generateActualResourceCollectorsForWasmJsMain SKIPPED
> Task :composeApp:kotlinWasmBinaryenSetup UP-TO-DATE
> Task :composeApp:processSkikoRuntimeForKWasm UP-TO-DATE
> Task :composeApp:compileKotlinWasmJs
> Task :composeApp:wasmJsMainClasses
> Task :composeApp:compileKotlinJs
> Task :composeApp:jsMainClasses
> Task :shared:compileAndroidMain
> Task :shared:processAndroidMainJavaRes UP-TO-DATE
> Task :shared:bundleAndroidMainClassesToCompileJar
> Task :shared:bundleAndroidMainClassesToRuntimeJar
> Task :shared:bundleLibRuntimeToDirAndroidMain
> Task :composeApp:compileAndroidMain UP-TO-DATE
> Task :composeApp:bundleAndroidMainClassesToCompileJar UP-TO-DATE
> Task :androidApp:compileDebugKotlin UP-TO-DATE
> Task :androidApp:compileDebugJavaWithJavac NO-SOURCE
> Task :androidApp:bundleDebugClassesToRuntimeJar UP-TO-DATE
> Task :androidApp:bundleDebugClassesToCompileJar UP-TO-DATE
> Task :androidApp:compileDebugUnitTestKotlin UP-TO-DATE
> Task :androidApp:compileDebugUnitTestJavaWithJavac NO-SOURCE
> Task :androidApp:processDebugJavaRes UP-TO-DATE
> Task :androidApp:processDebugUnitTestJavaRes UP-TO-DATE
> Task :composeApp:bundleAndroidMainClassesToRuntimeJar UP-TO-DATE
> Task :composeApp:processAndroidMainJavaRes UP-TO-DATE
> Task :androidApp:testDebugUnitTest
> Task :androidApp:dexBuilderDebug UP-TO-DATE
> Task :androidApp:mergeDebugGlobalSynthetics UP-TO-DATE
> Task :androidApp:mergeDebugJavaResource UP-TO-DATE
> Task :composeApp:bundleLibRuntimeToDirAndroidMain UP-TO-DATE
> Task :androidApp:mergeProjectDexDebug UP-TO-DATE
> Task :androidApp:mergeLibDexDebug
> Task :androidApp:packageDebug
> Task :androidApp:createDebugApkListingFileRedirect UP-TO-DATE
> Task :androidApp:assembleDebug
> Task :composeApp:compileProductionExecutableKotlinWasmJs
> Task :composeApp:compileProductionExecutableKotlinJs
> Task :composeApp:jsProductionExecutableCompileSync
> Task :composeApp:compileProductionExecutableKotlinWasmJsOptimize
> Task :composeApp:jsBrowserProductionWebpack
asset size limit: The following asset(s) exceed the recommended size limit (244 KiB).
This can impact web performance.
Assets: 
  composeApp.js (3.17 MiB)
  bfa5198fb2fe683c613a.wasm (8.24 MiB)
entrypoint size limit: The following entrypoint(s) combined asset size exceeds the recommended limit (244 KiB). This can impact web performance.
Entrypoints:
  main (3.17 MiB)
      composeApp.js
webpack performance recommendations: 
You can limit the size of your bundles by using import() or require.ensure to lazy load some parts of your application.
For more info visit https://webpack.js.org/guides/code-splitting/
assets by status 8.24 MiB [cached] 1 asset
asset composeApp.js 3.17 MiB [emitted] [minimized] [big] (name: main) 1 related asset
runtime modules 2.73 KiB 6 modules
modules with warnings 7.7 MiB [true warnings]
  ./kotlin/polski-web-spike-composeApp.js 183 KiB [built] [code generated] [19 warnings]
  ./kotlin/skiko-kjs.js 170 KiB [built] [code generated] [93 warnings]
  ./kotlin/kotlin-kotlin-stdlib.js 596 KiB [built] [code generated] [12 warnings]
  ./kotlin/kotlinx-coroutines-core.js 442 KiB [built] [code generated] [95 warnings]
  ./kotlin/androidx-compose-runtime-runtime.js 1.89 MiB [built] [code generated] [167 warnings]
  ./kotlin/compose-multiplatform-core-compose-ui-ui.js 2.17 MiB [built] [code generated] [268 warnings]
  ./kotlin/polski-web-spike-shared.js 808 KiB [built] [code generated] [21 warnings]
  ./kotlin/compose-multiplatform-core-compose-foundation-foundation-layout.js 23 KiB [built] [code generated] [8 warnings]
  + 20 modules
modules by path ./kotlin/*.mjs 609 KiB
  ./kotlin/skiko.mjs 492 KiB [built] [code generated]
  ./kotlin/js-reexport-symbols.mjs 117 KiB [built] [code generated]
./kotlin/skiko.wasm 8.24 MiB (asset) 42 bytes (javascript) [built] [code generated]
webpack 5.108.1 compiled with 3 warnings in 32751 ms

> Task :composeApp:jsBrowserDistribution
> Task :composeApp:wasmJsProductionExecutableCompileSync

> Task :composeApp:wasmJsBrowserProductionWebpack
asset size limit: The following asset(s) exceed the recommended size limit (244 KiB).
This can impact web performance.
Assets: 
  composeApp.js (517 KiB)
  4e0f43bfe5acd84320e3.wasm (2.17 MiB)
  bfa5198fb2fe683c613a.wasm (8.24 MiB)
entrypoint size limit: The following entrypoint(s) combined asset size exceeds the recommended limit (244 KiB). This can impact web performance.
Entrypoints:
  main (517 KiB)
      composeApp.js
webpack performance recommendations: 
You can limit the size of your bundles by using import() or require.ensure to lazy load some parts of your application.
For more info visit https://webpack.js.org/guides/code-splitting/
assets by status 8.24 MiB [cached] 1 asset
asset 4e0f43bfe5acd84320e3.wasm 2.17 MiB [emitted] [immutable] [from: kotlin/polski-web-spike-composeApp.wasm] [big] (auxiliary name: main)
asset composeApp.js 517 KiB [emitted] [compared for emit] [minimized] [big] (name: main) 2 related assets
runtime modules 4.83 KiB 7 modules
orphan modules 886 KiB [orphan] 3 modules
cacheable modules 922 KiB (javascript) 10.4 MiB (asset)
  javascript modules 922 KiB
    ./kotlin/polski-web-spike-composeApp.mjs 3.17 KiB [built] [code generated]
    ./kotlin/polski-web-spike-composeApp.import-object.mjs + 3 modules 919 KiB [built] [code generated]
  asset modules 10.4 MiB (asset) 84 bytes (javascript)
    ./kotlin/polski-web-spike-composeApp.wasm 2.17 MiB (asset) 42 bytes (javascript) [built] [code generated]
    ./kotlin/skiko.wasm 8.24 MiB (asset) 42 bytes (javascript) [built] [code generated]
webpack 5.108.1 compiled with 3 warnings in 5799 ms

> Task :composeApp:wasmJsBrowserDistribution

> Task :composeApp:composeCompatibilityBrowserDistribution
file '/Users/german/Work/JS/polski-grammar-srs/kotlin/composeApp/build/dist/wasmJs/productionExecutable/index.html' will be copied to '/Users/german/Work/JS/polski-grammar-srs/kotlin/composeApp/build/dist/composeWebCompatibility/productionExecutable/index.html', overwriting file '/Users/german/Work/JS/polski-grammar-srs/kotlin/composeApp/build/dist/js/productionExecutable/index.html', which has already been copied there.
file '/Users/german/Work/JS/polski-grammar-srs/kotlin/composeApp/build/dist/wasmJs/productionExecutable/apple-touch-icon.png' will be copied to '/Users/german/Work/JS/polski-grammar-srs/kotlin/composeApp/build/dist/composeWebCompatibility/productionExecutable/apple-touch-icon.png', overwriting file '/Users/german/Work/JS/polski-grammar-srs/kotlin/composeApp/build/dist/js/productionExecutable/apple-touch-icon.png', which has already been copied there.
file '/Users/german/Work/JS/polski-grammar-srs/kotlin/composeApp/build/dist/wasmJs/productionExecutable/bfa5198fb2fe683c613a.wasm' will be copied to '/Users/german/Work/JS/polski-grammar-srs/kotlin/composeApp/build/dist/composeWebCompatibility/productionExecutable/bfa5198fb2fe683c613a.wasm', overwriting file '/Users/german/Work/JS/polski-grammar-srs/kotlin/composeApp/build/dist/js/productionExecutable/bfa5198fb2fe683c613a.wasm', which has already been copied there.
file '/Users/german/Work/JS/polski-grammar-srs/kotlin/composeApp/build/dist/wasmJs/productionExecutable/training.css' will be copied to '/Users/german/Work/JS/polski-grammar-srs/kotlin/composeApp/build/dist/composeWebCompatibility/productionExecutable/training.css', overwriting file '/Users/german/Work/JS/polski-grammar-srs/kotlin/composeApp/build/dist/js/productionExecutable/training.css', which has already been copied there.
file '/Users/german/Work/JS/polski-grammar-srs/kotlin/composeApp/build/dist/wasmJs/productionExecutable/favicon.png' will be copied to '/Users/german/Work/JS/polski-grammar-srs/kotlin/composeApp/build/dist/composeWebCompatibility/productionExecutable/favicon.png', overwriting file '/Users/german/Work/JS/polski-grammar-srs/kotlin/composeApp/build/dist/js/productionExecutable/favicon.png', which has already been copied there.
file '/Users/german/Work/JS/polski-grammar-srs/kotlin/composeApp/build/dist/wasmJs/productionExecutable/matrix-progress.css' will be copied to '/Users/german/Work/JS/polski-grammar-srs/kotlin/composeApp/build/dist/composeWebCompatibility/productionExecutable/matrix-progress.css', overwriting file '/Users/german/Work/JS/polski-grammar-srs/kotlin/composeApp/build/dist/js/productionExecutable/matrix-progress.css', which has already been copied there.

BUILD SUCCESSFUL in 3m 2s
150 actionable tasks: 40 executed, 110 up-to-date
Consider enabling configuration cache to speed up this build: https://docs.gradle.org/9.3.1/userguide/configuration_cache_enabling.html
